<repo>\reproduction\src\modern_gpu.py:98: UserWarning: Sparse invariant checks are implicitly disabled. Memory errors (e.g. SEGFAULT) will occur when operating on a sparse tensor which violates the invariants, but checks incur performance overhead. To silence this warning, explicitly opt in or out. See `torch.sparse.check_sparse_tensor_invariants.__doc__` for guidance.  (Triggered internally at C:\actions-runner\_work\pytorch\pytorch\aten\src\ATen\Context.cpp:855.)
  self.kernel = torch.sparse_coo_tensor(
2026-09-22 19:50:19,485 Actual-data GPU equivalence checks passed: max error 0.00146484375
2026-09-22 19:50:20,730 Seed 0 | epoch 1/100 | train 1.052893 | val 1.032080 | elapsed 0.4s
2026-09-22 19:50:21,188 Seed 0 | epoch 2/100 | train 1.040660 | val 1.049021 | elapsed 0.9s
2026-09-22 19:50:21,655 Seed 0 | epoch 3/100 | train 1.041175 | val 1.047071 | elapsed 1.4s
2026-09-22 19:50:22,096 Seed 0 | epoch 4/100 | train 1.041104 | val 1.044833 | elapsed 1.8s
2026-09-22 19:50:22,566 Seed 0 | epoch 5/100 | train 1.029969 | val 1.031317 | elapsed 2.3s
2026-09-22 19:50:23,002 Seed 0 | epoch 6/100 | train 1.037359 | val 1.040987 | elapsed 2.7s
2026-09-22 19:50:23,467 Seed 0 | epoch 7/100 | train 1.035351 | val 1.030079 | elapsed 3.2s
2026-09-22 19:50:23,911 Seed 0 | epoch 8/100 | train 1.032457 | val 1.032314 | elapsed 3.6s
2026-09-22 19:50:24,371 Seed 0 | epoch 9/100 | train 1.033388 | val 1.047311 | elapsed 4.1s
2026-09-22 19:50:24,824 Seed 0 | epoch 10/100 | train 1.039309 | val 1.027563 | elapsed 4.5s
2026-09-22 19:50:25,276 Seed 0 | epoch 11/100 | train 1.034478 | val 1.029653 | elapsed 5.0s
2026-09-22 19:50:25,728 Seed 0 | epoch 12/100 | train 1.034526 | val 1.039390 | elapsed 5.4s
2026-09-22 19:50:26,177 Seed 0 | epoch 13/100 | train 1.036335 | val 1.039859 | elapsed 5.9s
2026-09-22 19:50:26,630 Seed 0 | epoch 14/100 | train 1.034176 | val 1.035908 | elapsed 6.3s
2026-09-22 19:50:27,074 Seed 0 | epoch 15/100 | train 1.029700 | val 1.043395 | elapsed 6.8s
2026-09-22 19:50:27,532 Seed 0 | epoch 16/100 | train 1.030324 | val 1.040610 | elapsed 7.3s
2026-09-22 19:50:27,984 Seed 0 | epoch 17/100 | train 1.034270 | val 1.037268 | elapsed 7.7s
2026-09-22 19:50:28,436 Seed 0 | epoch 18/100 | train 1.030147 | val 1.037006 | elapsed 8.2s
2026-09-22 19:50:28,885 Seed 0 | epoch 19/100 | train 1.035686 | val 1.041975 | elapsed 8.6s
2026-09-22 19:50:29,335 Seed 0 | epoch 20/100 | train 1.030707 | val 1.033708 | elapsed 9.1s
2026-09-22 19:50:29,784 Seed 0 | epoch 21/100 | train 1.033052 | val 1.032310 | elapsed 9.5s
2026-09-22 19:50:30,229 Seed 0 | epoch 22/100 | train 1.031663 | val 1.030814 | elapsed 9.9s
2026-09-22 19:50:30,684 Seed 0 | epoch 23/100 | train 1.030791 | val 1.016957 | elapsed 10.4s
2026-09-22 19:50:31,134 Seed 0 | epoch 24/100 | train 1.033171 | val 1.035562 | elapsed 10.9s
2026-09-22 19:50:31,586 Seed 0 | epoch 25/100 | train 1.040221 | val 1.035989 | elapsed 11.3s
2026-09-22 19:50:32,042 Seed 0 | epoch 26/100 | train 1.032973 | val 1.036150 | elapsed 11.8s
2026-09-22 19:50:32,497 Seed 0 | epoch 27/100 | train 1.031530 | val 1.028748 | elapsed 12.2s
2026-09-22 19:50:32,950 Seed 0 | epoch 28/100 | train 1.032484 | val 1.023829 | elapsed 12.7s
2026-09-22 19:50:33,400 Seed 0 | epoch 29/100 | train 1.034626 | val 1.037484 | elapsed 13.1s
2026-09-22 19:50:33,850 Seed 0 | epoch 30/100 | train 1.032639 | val 1.020725 | elapsed 13.6s
2026-09-22 19:50:34,297 Seed 0 | epoch 31/100 | train 1.030579 | val 1.038438 | elapsed 14.0s
2026-09-22 19:50:34,744 Seed 0 | epoch 32/100 | train 1.024473 | val 1.024135 | elapsed 14.5s
2026-09-22 19:50:35,188 Seed 0 | epoch 33/100 | train 1.034454 | val 1.026632 | elapsed 14.9s
2026-09-22 19:50:35,636 Seed 0 | epoch 34/100 | train 1.033503 | val 1.037414 | elapsed 15.4s
2026-09-22 19:50:36,090 Seed 0 | epoch 35/100 | train 1.032130 | val 1.036983 | elapsed 15.8s
2026-09-22 19:50:36,537 Seed 0 | epoch 36/100 | train 1.032344 | val 1.027217 | elapsed 16.3s
2026-09-22 19:50:36,985 Seed 0 | epoch 37/100 | train 1.026470 | val 1.041772 | elapsed 16.7s
2026-09-22 19:50:37,426 Seed 0 | epoch 38/100 | train 1.028873 | val 1.034701 | elapsed 17.1s
2026-09-22 19:50:37,873 Seed 0 | epoch 39/100 | train 1.036867 | val 1.039843 | elapsed 17.6s
2026-09-22 19:50:38,318 Seed 0 | epoch 40/100 | train 1.032235 | val 1.025846 | elapsed 18.0s
2026-09-22 19:50:38,757 Seed 0 | epoch 41/100 | train 1.031955 | val 1.050594 | elapsed 18.5s
2026-09-22 19:50:39,202 Seed 0 | epoch 42/100 | train 1.026705 | val 1.031933 | elapsed 18.9s
2026-09-22 19:50:39,643 Seed 0 | epoch 43/100 | train 1.030563 | val 1.027423 | elapsed 19.4s
2026-09-22 19:50:40,091 Seed 0 | epoch 44/100 | train 1.033300 | val 1.043107 | elapsed 19.8s
2026-09-22 19:50:40,539 Seed 0 | epoch 45/100 | train 1.032870 | val 1.023451 | elapsed 20.3s
2026-09-22 19:50:40,984 Seed 0 | epoch 46/100 | train 1.029756 | val 1.034422 | elapsed 20.7s
2026-09-22 19:50:41,430 Seed 0 | epoch 47/100 | train 1.031310 | val 1.027178 | elapsed 21.1s
2026-09-22 19:50:41,874 Seed 0 | epoch 48/100 | train 1.029653 | val 1.029070 | elapsed 21.6s
2026-09-22 19:50:42,316 Seed 0 | epoch 49/100 | train 1.025295 | val 1.041703 | elapsed 22.0s
2026-09-22 19:50:42,761 Seed 0 | epoch 50/100 | train 1.028185 | val 1.035684 | elapsed 22.5s
2026-09-22 19:50:43,201 Seed 0 | epoch 51/100 | train 1.033745 | val 1.027261 | elapsed 22.9s
2026-09-22 19:50:43,643 Seed 0 | epoch 52/100 | train 1.032213 | val 1.035982 | elapsed 23.4s
2026-09-22 19:50:44,088 Seed 0 | epoch 53/100 | train 1.027903 | val 1.035592 | elapsed 23.8s
2026-09-22 19:50:44,534 Seed 0 | epoch 54/100 | train 1.026490 | val 1.029396 | elapsed 24.3s
2026-09-22 19:50:44,984 Seed 0 | epoch 55/100 | train 1.033646 | val 1.026157 | elapsed 24.7s
2026-09-22 19:50:45,430 Seed 0 | epoch 56/100 | train 1.027552 | val 1.029865 | elapsed 25.1s
2026-09-22 19:50:45,872 Seed 0 | epoch 57/100 | train 1.030121 | val 1.043741 | elapsed 25.6s
2026-09-22 19:50:46,314 Seed 0 | epoch 58/100 | train 1.038172 | val 1.023476 | elapsed 26.0s
2026-09-22 19:50:46,755 Seed 0 | epoch 59/100 | train 1.029201 | val 1.044263 | elapsed 26.5s
2026-09-22 19:50:47,199 Seed 0 | epoch 60/100 | train 1.031181 | val 1.030296 | elapsed 26.9s
2026-09-22 19:50:47,639 Seed 0 | epoch 61/100 | train 1.031150 | val 1.025436 | elapsed 27.4s
2026-09-22 19:50:48,084 Seed 0 | epoch 62/100 | train 1.032690 | val 1.033273 | elapsed 27.8s
2026-09-22 19:50:48,527 Seed 0 | epoch 63/100 | train 1.029103 | val 1.036788 | elapsed 28.2s
2026-09-22 19:50:48,970 Seed 0 | epoch 64/100 | train 1.030074 | val 1.047970 | elapsed 28.7s
2026-09-22 19:50:49,410 Seed 0 | epoch 65/100 | train 1.034443 | val 1.037241 | elapsed 29.1s
2026-09-22 19:50:49,851 Seed 0 | epoch 66/100 | train 1.025088 | val 1.031896 | elapsed 29.6s
2026-09-22 19:50:50,290 Seed 0 | epoch 67/100 | train 1.030385 | val 1.029708 | elapsed 30.0s
2026-09-22 19:50:50,730 Seed 0 | epoch 68/100 | train 1.030570 | val 1.029341 | elapsed 30.4s
2026-09-22 19:50:51,169 Seed 0 | epoch 69/100 | train 1.029949 | val 1.023698 | elapsed 30.9s
2026-09-22 19:50:51,611 Seed 0 | epoch 70/100 | train 1.027158 | val 1.039179 | elapsed 31.3s
2026-09-22 19:50:52,054 Seed 0 | epoch 71/100 | train 1.030245 | val 1.030448 | elapsed 31.8s
2026-09-22 19:50:52,497 Seed 0 | epoch 72/100 | train 1.028769 | val 1.048303 | elapsed 32.2s
2026-09-22 19:50:52,943 Seed 0 | epoch 73/100 | train 1.033078 | val 1.042930 | elapsed 32.7s
2026-09-22 19:50:53,387 Seed 0 | epoch 74/100 | train 1.028543 | val 1.024110 | elapsed 33.1s
2026-09-22 19:50:53,831 Seed 0 | epoch 75/100 | train 1.028137 | val 1.036828 | elapsed 33.5s
2026-09-22 19:50:54,272 Seed 0 | epoch 76/100 | train 1.028449 | val 1.035051 | elapsed 34.0s
2026-09-22 19:50:54,712 Seed 0 | epoch 77/100 | train 1.028053 | val 1.019698 | elapsed 34.4s
2026-09-22 19:50:55,150 Seed 0 | epoch 78/100 | train 1.032376 | val 1.031669 | elapsed 34.9s
2026-09-22 19:50:55,589 Seed 0 | epoch 79/100 | train 1.033838 | val 1.026153 | elapsed 35.3s
2026-09-22 19:50:56,033 Seed 0 | epoch 80/100 | train 1.030230 | val 1.035408 | elapsed 35.8s
2026-09-22 19:50:56,475 Seed 0 | epoch 81/100 | train 1.026624 | val 1.032293 | elapsed 36.2s
2026-09-22 19:50:56,916 Seed 0 | epoch 82/100 | train 1.034609 | val 1.047917 | elapsed 36.6s
2026-09-22 19:50:57,355 Seed 0 | epoch 83/100 | train 1.029172 | val 1.023310 | elapsed 37.1s
2026-09-22 19:50:57,794 Seed 0 | epoch 84/100 | train 1.032977 | val 1.032678 | elapsed 37.5s
2026-09-22 19:50:58,235 Seed 0 | epoch 85/100 | train 1.030269 | val 1.025687 | elapsed 38.0s
2026-09-22 19:50:58,674 Seed 0 | epoch 86/100 | train 1.030288 | val 1.031893 | elapsed 38.4s
2026-09-22 19:50:59,113 Seed 0 | epoch 87/100 | train 1.026671 | val 1.040061 | elapsed 38.8s
2026-09-22 19:50:59,552 Seed 0 | epoch 88/100 | train 1.030794 | val 1.038696 | elapsed 39.3s
2026-09-22 19:50:59,992 Seed 0 | epoch 89/100 | train 1.034055 | val 1.027847 | elapsed 39.7s
2026-09-22 19:51:00,433 Seed 0 | epoch 90/100 | train 1.033882 | val 1.030562 | elapsed 40.2s
2026-09-22 19:51:00,871 Seed 0 | epoch 91/100 | train 1.031349 | val 1.032859 | elapsed 40.6s
2026-09-22 19:51:01,313 Seed 0 | epoch 92/100 | train 1.034035 | val 1.034536 | elapsed 41.0s
2026-09-22 19:51:01,759 Seed 0 | epoch 93/100 | train 1.030118 | val 1.028050 | elapsed 41.5s
2026-09-22 19:51:02,206 Seed 0 | epoch 94/100 | train 1.036401 | val 1.041137 | elapsed 41.9s
2026-09-22 19:51:02,649 Seed 0 | epoch 95/100 | train 1.030437 | val 1.039397 | elapsed 42.4s
2026-09-22 19:51:03,089 Seed 0 | epoch 96/100 | train 1.031782 | val 1.027038 | elapsed 42.8s
2026-09-22 19:51:03,524 Seed 0 | epoch 97/100 | train 1.032232 | val 1.028735 | elapsed 43.2s
2026-09-22 19:51:03,964 Seed 0 | epoch 98/100 | train 1.028297 | val 1.041263 | elapsed 43.7s
2026-09-22 19:51:04,402 Seed 0 | epoch 99/100 | train 1.031222 | val 1.037542 | elapsed 44.1s
2026-09-22 19:51:04,840 Seed 0 | epoch 100/100 | train 1.032711 | val 1.040773 | elapsed 44.6s
2026-09-22 19:51:04,904 Seed 0 complete; best epoch 23
2026-09-22 19:51:06,279 Seed 1 | epoch 1/100 | train 1.047489 | val 1.041361 | elapsed 0.5s
2026-09-22 19:51:06,737 Seed 1 | epoch 2/100 | train 1.038182 | val 1.044100 | elapsed 0.9s
2026-09-22 19:51:07,201 Seed 1 | epoch 3/100 | train 1.037764 | val 1.038581 | elapsed 1.4s
2026-09-22 19:51:07,654 Seed 1 | epoch 4/100 | train 1.038499 | val 1.033401 | elapsed 1.8s
2026-09-22 19:51:08,107 Seed 1 | epoch 5/100 | train 1.034309 | val 1.046360 | elapsed 2.3s
2026-09-22 19:51:08,562 Seed 1 | epoch 6/100 | train 1.040483 | val 1.039111 | elapsed 2.7s
2026-09-22 19:51:09,018 Seed 1 | epoch 7/100 | train 1.029608 | val 1.040215 | elapsed 3.2s
2026-09-22 19:51:09,474 Seed 1 | epoch 8/100 | train 1.031083 | val 1.041881 | elapsed 3.6s
2026-09-22 19:51:09,930 Seed 1 | epoch 9/100 | train 1.035741 | val 1.045134 | elapsed 4.1s
2026-09-22 19:51:10,390 Seed 1 | epoch 10/100 | train 1.033696 | val 1.027296 | elapsed 4.6s
2026-09-22 19:51:10,844 Seed 1 | epoch 11/100 | train 1.033272 | val 1.032932 | elapsed 5.0s
2026-09-22 19:51:11,298 Seed 1 | epoch 12/100 | train 1.038050 | val 1.034206 | elapsed 5.5s
2026-09-22 19:51:11,754 Seed 1 | epoch 13/100 | train 1.040682 | val 1.034447 | elapsed 5.9s
2026-09-22 19:51:12,205 Seed 1 | epoch 14/100 | train 1.038504 | val 1.030587 | elapsed 6.4s
2026-09-22 19:51:12,659 Seed 1 | epoch 15/100 | train 1.037546 | val 1.034389 | elapsed 6.8s
2026-09-22 19:51:13,118 Seed 1 | epoch 16/100 | train 1.035786 | val 1.027247 | elapsed 7.3s
2026-09-22 19:51:13,575 Seed 1 | epoch 17/100 | train 1.030249 | val 1.033679 | elapsed 7.7s
2026-09-22 19:51:14,037 Seed 1 | epoch 18/100 | train 1.035218 | val 1.035552 | elapsed 8.2s
2026-09-22 19:51:14,498 Seed 1 | epoch 19/100 | train 1.030527 | val 1.037832 | elapsed 8.7s
2026-09-22 19:51:14,957 Seed 1 | epoch 20/100 | train 1.034373 | val 1.041205 | elapsed 9.1s
2026-09-22 19:51:15,418 Seed 1 | epoch 21/100 | train 1.029359 | val 1.034412 | elapsed 9.6s
2026-09-22 19:51:15,904 Seed 1 | epoch 22/100 | train 1.032827 | val 1.035779 | elapsed 10.1s
2026-09-22 19:51:16,383 Seed 1 | epoch 23/100 | train 1.034630 | val 1.029757 | elapsed 10.6s
2026-09-22 19:51:16,863 Seed 1 | epoch 24/100 | train 1.031893 | val 1.028127 | elapsed 11.0s
2026-09-22 19:51:17,344 Seed 1 | epoch 25/100 | train 1.031793 | val 1.031778 | elapsed 11.5s
2026-09-22 19:51:17,801 Seed 1 | epoch 26/100 | train 1.029415 | val 1.035750 | elapsed 12.0s
2026-09-22 19:51:18,269 Seed 1 | epoch 27/100 | train 1.027557 | val 1.036960 | elapsed 12.4s
2026-09-22 19:51:18,755 Seed 1 | epoch 28/100 | train 1.030481 | val 1.036583 | elapsed 12.9s
2026-09-22 19:51:19,240 Seed 1 | epoch 29/100 | train 1.029497 | val 1.026792 | elapsed 13.4s
2026-09-22 19:51:19,715 Seed 1 | epoch 30/100 | train 1.030645 | val 1.049608 | elapsed 13.9s
2026-09-22 19:51:20,205 Seed 1 | epoch 31/100 | train 1.034839 | val 1.024588 | elapsed 14.4s
2026-09-22 19:51:20,691 Seed 1 | epoch 32/100 | train 1.030431 | val 1.019088 | elapsed 14.9s
2026-09-22 19:51:21,172 Seed 1 | epoch 33/100 | train 1.029608 | val 1.037302 | elapsed 15.3s
2026-09-22 19:51:21,657 Seed 1 | epoch 34/100 | train 1.029600 | val 1.044096 | elapsed 15.8s
2026-09-22 19:51:22,143 Seed 1 | epoch 35/100 | train 1.031282 | val 1.052313 | elapsed 16.3s
2026-09-22 19:51:22,607 Seed 1 | epoch 36/100 | train 1.029071 | val 1.032264 | elapsed 16.8s
2026-09-22 19:51:23,067 Seed 1 | epoch 37/100 | train 1.029864 | val 1.036569 | elapsed 17.2s
2026-09-22 19:51:23,525 Seed 1 | epoch 38/100 | train 1.035251 | val 1.034755 | elapsed 17.7s
2026-09-22 19:51:23,985 Seed 1 | epoch 39/100 | train 1.029906 | val 1.033818 | elapsed 18.2s
2026-09-22 19:51:24,471 Seed 1 | epoch 40/100 | train 1.027761 | val 1.025451 | elapsed 18.6s
2026-09-22 19:51:24,953 Seed 1 | epoch 41/100 | train 1.029884 | val 1.056268 | elapsed 19.1s
2026-09-22 19:51:25,437 Seed 1 | epoch 42/100 | train 1.031988 | val 1.025891 | elapsed 19.6s
2026-09-22 19:51:25,921 Seed 1 | epoch 43/100 | train 1.032539 | val 1.033648 | elapsed 20.1s
2026-09-22 19:51:26,400 Seed 1 | epoch 44/100 | train 1.029067 | val 1.028580 | elapsed 20.6s
2026-09-22 19:51:26,858 Seed 1 | epoch 45/100 | train 1.031188 | val 1.040180 | elapsed 21.0s
2026-09-22 19:51:27,315 Seed 1 | epoch 46/100 | train 1.031826 | val 1.032654 | elapsed 21.5s
2026-09-22 19:51:27,771 Seed 1 | epoch 47/100 | train 1.025391 | val 1.023493 | elapsed 21.9s
2026-09-22 19:51:28,228 Seed 1 | epoch 48/100 | train 1.030747 | val 1.031034 | elapsed 22.4s
2026-09-22 19:51:28,683 Seed 1 | epoch 49/100 | train 1.033299 | val 1.028065 | elapsed 22.9s
2026-09-22 19:51:29,146 Seed 1 | epoch 50/100 | train 1.029779 | val 1.030319 | elapsed 23.3s
2026-09-22 19:51:29,608 Seed 1 | epoch 51/100 | train 1.035844 | val 1.032180 | elapsed 23.8s
2026-09-22 19:51:30,091 Seed 1 | epoch 52/100 | train 1.031902 | val 1.026075 | elapsed 24.3s
2026-09-22 19:51:30,574 Seed 1 | epoch 53/100 | train 1.032861 | val 1.043265 | elapsed 24.7s
2026-09-22 19:51:31,075 Seed 1 | epoch 54/100 | train 1.026265 | val 1.024795 | elapsed 25.2s
2026-09-22 19:51:31,557 Seed 1 | epoch 55/100 | train 1.029132 | val 1.022374 | elapsed 25.7s
2026-09-22 19:51:32,041 Seed 1 | epoch 56/100 | train 1.028976 | val 1.037385 | elapsed 26.2s
2026-09-22 19:51:32,525 Seed 1 | epoch 57/100 | train 1.027142 | val 1.038660 | elapsed 26.7s
2026-09-22 19:51:33,013 Seed 1 | epoch 58/100 | train 1.028768 | val 1.044609 | elapsed 27.2s
2026-09-22 19:51:33,485 Seed 1 | epoch 59/100 | train 1.031746 | val 1.013659 | elapsed 27.7s
2026-09-22 19:51:33,946 Seed 1 | epoch 60/100 | train 1.030934 | val 1.033356 | elapsed 28.1s
2026-09-22 19:51:34,406 Seed 1 | epoch 61/100 | train 1.032827 | val 1.026140 | elapsed 28.6s
2026-09-22 19:51:34,867 Seed 1 | epoch 62/100 | train 1.024543 | val 1.023568 | elapsed 29.0s
2026-09-22 19:51:35,332 Seed 1 | epoch 63/100 | train 1.027418 | val 1.031525 | elapsed 29.5s
2026-09-22 19:51:35,797 Seed 1 | epoch 64/100 | train 1.028174 | val 1.043248 | elapsed 30.0s
2026-09-22 19:51:36,290 Seed 1 | epoch 65/100 | train 1.030016 | val 1.031527 | elapsed 30.5s
2026-09-22 19:51:36,777 Seed 1 | epoch 66/100 | train 1.029286 | val 1.028390 | elapsed 31.0s
2026-09-22 19:51:37,254 Seed 1 | epoch 67/100 | train 1.029141 | val 1.038447 | elapsed 31.4s
2026-09-22 19:51:37,706 Seed 1 | epoch 68/100 | train 1.028296 | val 1.024928 | elapsed 31.9s
2026-09-22 19:51:38,174 Seed 1 | epoch 69/100 | train 1.030224 | val 1.047308 | elapsed 32.3s
2026-09-22 19:51:38,633 Seed 1 | epoch 70/100 | train 1.032071 | val 1.033511 | elapsed 32.8s
2026-09-22 19:51:39,089 Seed 1 | epoch 71/100 | train 1.026072 | val 1.030933 | elapsed 33.3s
2026-09-22 19:51:39,564 Seed 1 | epoch 72/100 | train 1.033603 | val 1.025922 | elapsed 33.7s
2026-09-22 19:51:40,054 Seed 1 | epoch 73/100 | train 1.029550 | val 1.030078 | elapsed 34.2s
2026-09-22 19:51:40,540 Seed 1 | epoch 74/100 | train 1.033979 | val 1.040511 | elapsed 34.7s
2026-09-22 19:51:41,027 Seed 1 | epoch 75/100 | train 1.029651 | val 1.038507 | elapsed 35.2s
2026-09-22 19:51:41,513 Seed 1 | epoch 76/100 | train 1.030262 | val 1.040810 | elapsed 35.7s
2026-09-22 19:51:41,998 Seed 1 | epoch 77/100 | train 1.027875 | val 1.030239 | elapsed 36.2s
2026-09-22 19:51:42,486 Seed 1 | epoch 78/100 | train 1.031121 | val 1.038312 | elapsed 36.7s
2026-09-22 19:51:42,972 Seed 1 | epoch 79/100 | train 1.034363 | val 1.025447 | elapsed 37.1s
2026-09-22 19:51:43,467 Seed 1 | epoch 80/100 | train 1.031302 | val 1.028680 | elapsed 37.6s
2026-09-22 19:51:43,952 Seed 1 | epoch 81/100 | train 1.031272 | val 1.027317 | elapsed 38.1s
2026-09-22 19:51:44,442 Seed 1 | epoch 82/100 | train 1.027315 | val 1.038824 | elapsed 38.6s
2026-09-22 19:51:44,933 Seed 1 | epoch 83/100 | train 1.025716 | val 1.045909 | elapsed 39.1s
2026-09-22 19:51:45,417 Seed 1 | epoch 84/100 | train 1.030851 | val 1.035605 | elapsed 39.6s
2026-09-22 19:51:45,902 Seed 1 | epoch 85/100 | train 1.025232 | val 1.042967 | elapsed 40.1s
2026-09-22 19:51:46,389 Seed 1 | epoch 86/100 | train 1.028456 | val 1.041183 | elapsed 40.6s
2026-09-22 19:51:46,876 Seed 1 | epoch 87/100 | train 1.027770 | val 1.022546 | elapsed 41.1s
2026-09-22 19:51:47,362 Seed 1 | epoch 88/100 | train 1.028021 | val 1.038348 | elapsed 41.5s
2026-09-22 19:51:47,824 Seed 1 | epoch 89/100 | train 1.031401 | val 1.032411 | elapsed 42.0s
2026-09-22 19:51:48,288 Seed 1 | epoch 90/100 | train 1.029459 | val 1.028758 | elapsed 42.5s
2026-09-22 19:51:48,752 Seed 1 | epoch 91/100 | train 1.031015 | val 1.022214 | elapsed 42.9s
2026-09-22 19:51:49,218 Seed 1 | epoch 92/100 | train 1.032993 | val 1.032669 | elapsed 43.4s
2026-09-22 19:51:49,680 Seed 1 | epoch 93/100 | train 1.032296 | val 1.041609 | elapsed 43.9s
2026-09-22 19:51:50,142 Seed 1 | epoch 94/100 | train 1.026865 | val 1.036468 | elapsed 44.3s
2026-09-22 19:51:50,603 Seed 1 | epoch 95/100 | train 1.030051 | val 1.029679 | elapsed 44.8s
2026-09-22 19:51:51,064 Seed 1 | epoch 96/100 | train 1.032064 | val 1.030449 | elapsed 45.2s
2026-09-22 19:51:51,514 Seed 1 | epoch 97/100 | train 1.030189 | val 1.044541 | elapsed 45.7s
2026-09-22 19:51:51,960 Seed 1 | epoch 98/100 | train 1.031263 | val 1.018690 | elapsed 46.1s
2026-09-22 19:51:52,408 Seed 1 | epoch 99/100 | train 1.026711 | val 1.036676 | elapsed 46.6s
2026-09-22 19:51:52,851 Seed 1 | epoch 100/100 | train 1.028451 | val 1.024885 | elapsed 47.0s
2026-09-22 19:51:52,912 Seed 1 complete; best epoch 59
2026-09-22 19:51:54,447 Seed 2 | epoch 1/100 | train 1.049860 | val 1.055740 | elapsed 0.5s
2026-09-22 19:51:54,911 Seed 2 | epoch 2/100 | train 1.039361 | val 1.052568 | elapsed 0.9s
2026-09-22 19:51:55,372 Seed 2 | epoch 3/100 | train 1.039727 | val 1.024764 | elapsed 1.4s
2026-09-22 19:51:55,840 Seed 2 | epoch 4/100 | train 1.038166 | val 1.035767 | elapsed 1.9s
2026-09-22 19:51:56,306 Seed 2 | epoch 5/100 | train 1.035958 | val 1.036219 | elapsed 2.3s
2026-09-22 19:51:56,767 Seed 2 | epoch 6/100 | train 1.035101 | val 1.038264 | elapsed 2.8s
2026-09-22 19:51:57,226 Seed 2 | epoch 7/100 | train 1.036368 | val 1.042461 | elapsed 3.2s
2026-09-22 19:51:57,685 Seed 2 | epoch 8/100 | train 1.041933 | val 1.044155 | elapsed 3.7s
2026-09-22 19:51:58,146 Seed 2 | epoch 9/100 | train 1.034987 | val 1.041483 | elapsed 4.2s
2026-09-22 19:51:58,606 Seed 2 | epoch 10/100 | train 1.035822 | val 1.039757 | elapsed 4.6s
2026-09-22 19:51:59,070 Seed 2 | epoch 11/100 | train 1.034732 | val 1.049954 | elapsed 5.1s
2026-09-22 19:51:59,530 Seed 2 | epoch 12/100 | train 1.033161 | val 1.029781 | elapsed 5.5s
2026-09-22 19:51:59,995 Seed 2 | epoch 13/100 | train 1.037191 | val 1.031370 | elapsed 6.0s
2026-09-22 19:52:00,461 Seed 2 | epoch 14/100 | train 1.032230 | val 1.031776 | elapsed 6.5s
2026-09-22 19:52:00,926 Seed 2 | epoch 15/100 | train 1.034821 | val 1.024827 | elapsed 6.9s
2026-09-22 19:52:01,390 Seed 2 | epoch 16/100 | train 1.032481 | val 1.037336 | elapsed 7.4s
2026-09-22 19:52:01,856 Seed 2 | epoch 17/100 | train 1.033196 | val 1.031648 | elapsed 7.9s
2026-09-22 19:52:02,310 Seed 2 | epoch 18/100 | train 1.038176 | val 1.030786 | elapsed 8.3s
2026-09-22 19:52:02,758 Seed 2 | epoch 19/100 | train 1.034663 | val 1.033901 | elapsed 8.8s
2026-09-22 19:52:03,202 Seed 2 | epoch 20/100 | train 1.033697 | val 1.040878 | elapsed 9.2s
2026-09-22 19:52:03,654 Seed 2 | epoch 21/100 | train 1.034940 | val 1.027967 | elapsed 9.7s
2026-09-22 19:52:04,109 Seed 2 | epoch 22/100 | train 1.030256 | val 1.027354 | elapsed 10.1s
2026-09-22 19:52:04,558 Seed 2 | epoch 23/100 | train 1.032176 | val 1.033268 | elapsed 10.6s
2026-09-22 19:52:05,003 Seed 2 | epoch 24/100 | train 1.036498 | val 1.034910 | elapsed 11.0s
2026-09-22 19:52:05,451 Seed 2 | epoch 25/100 | train 1.032880 | val 1.044961 | elapsed 11.5s
2026-09-22 19:52:05,902 Seed 2 | epoch 26/100 | train 1.030118 | val 1.021260 | elapsed 11.9s
2026-09-22 19:52:06,350 Seed 2 | epoch 27/100 | train 1.029330 | val 1.041396 | elapsed 12.4s
2026-09-22 19:52:06,803 Seed 2 | epoch 28/100 | train 1.026146 | val 1.041181 | elapsed 12.8s
2026-09-22 19:52:07,248 Seed 2 | epoch 29/100 | train 1.025224 | val 1.040526 | elapsed 13.3s
2026-09-22 19:52:07,694 Seed 2 | epoch 30/100 | train 1.033459 | val 1.035800 | elapsed 13.7s
2026-09-22 19:52:08,143 Seed 2 | epoch 31/100 | train 1.031677 | val 1.041671 | elapsed 14.2s
2026-09-22 19:52:08,592 Seed 2 | epoch 32/100 | train 1.031819 | val 1.035472 | elapsed 14.6s
2026-09-22 19:52:09,040 Seed 2 | epoch 33/100 | train 1.033641 | val 1.025063 | elapsed 15.1s
2026-09-22 19:52:09,485 Seed 2 | epoch 34/100 | train 1.028515 | val 1.026808 | elapsed 15.5s
2026-09-22 19:52:09,936 Seed 2 | epoch 35/100 | train 1.029351 | val 1.039501 | elapsed 15.9s
2026-09-22 19:52:10,385 Seed 2 | epoch 36/100 | train 1.033505 | val 1.022900 | elapsed 16.4s
2026-09-22 19:52:10,835 Seed 2 | epoch 37/100 | train 1.031143 | val 1.040680 | elapsed 16.8s
2026-09-22 19:52:11,280 Seed 2 | epoch 38/100 | train 1.026211 | val 1.046878 | elapsed 17.3s
2026-09-22 19:52:11,729 Seed 2 | epoch 39/100 | train 1.033964 | val 1.028686 | elapsed 17.7s
2026-09-22 19:52:12,175 Seed 2 | epoch 40/100 | train 1.034130 | val 1.032788 | elapsed 18.2s
2026-09-22 19:52:12,625 Seed 2 | epoch 41/100 | train 1.031709 | val 1.028048 | elapsed 18.6s
2026-09-22 19:52:13,077 Seed 2 | epoch 42/100 | train 1.026583 | val 1.036117 | elapsed 19.1s
2026-09-22 19:52:13,525 Seed 2 | epoch 43/100 | train 1.028208 | val 1.036705 | elapsed 19.5s
2026-09-22 19:52:13,976 Seed 2 | epoch 44/100 | train 1.033293 | val 1.037325 | elapsed 20.0s
2026-09-22 19:52:14,426 Seed 2 | epoch 45/100 | train 1.029843 | val 1.027431 | elapsed 20.4s
2026-09-22 19:52:14,872 Seed 2 | epoch 46/100 | train 1.028388 | val 1.022535 | elapsed 20.9s
2026-09-22 19:52:15,320 Seed 2 | epoch 47/100 | train 1.030560 | val 1.036910 | elapsed 21.3s
2026-09-22 19:52:15,772 Seed 2 | epoch 48/100 | train 1.032517 | val 1.025036 | elapsed 21.8s
2026-09-22 19:52:16,228 Seed 2 | epoch 49/100 | train 1.030058 | val 1.022115 | elapsed 22.2s
2026-09-22 19:52:16,680 Seed 2 | epoch 50/100 | train 1.029206 | val 1.044167 | elapsed 22.7s
2026-09-22 19:52:17,134 Seed 2 | epoch 51/100 | train 1.032678 | val 1.030834 | elapsed 23.1s
2026-09-22 19:52:17,588 Seed 2 | epoch 52/100 | train 1.031842 | val 1.034272 | elapsed 23.6s
2026-09-22 19:52:18,038 Seed 2 | epoch 53/100 | train 1.027798 | val 1.031851 | elapsed 24.0s
2026-09-22 19:52:18,496 Seed 2 | epoch 54/100 | train 1.034746 | val 1.026610 | elapsed 24.5s
2026-09-22 19:52:18,951 Seed 2 | epoch 55/100 | train 1.031254 | val 1.027321 | elapsed 25.0s
2026-09-22 19:52:19,400 Seed 2 | epoch 56/100 | train 1.027533 | val 1.033201 | elapsed 25.4s
2026-09-22 19:52:19,849 Seed 2 | epoch 57/100 | train 1.032288 | val 1.031048 | elapsed 25.9s
2026-09-22 19:52:20,298 Seed 2 | epoch 58/100 | train 1.032248 | val 1.034824 | elapsed 26.3s
2026-09-22 19:52:20,751 Seed 2 | epoch 59/100 | train 1.031539 | val 1.040817 | elapsed 26.8s
2026-09-22 19:52:21,206 Seed 2 | epoch 60/100 | train 1.027370 | val 1.039273 | elapsed 27.2s
2026-09-22 19:52:21,659 Seed 2 | epoch 61/100 | train 1.026184 | val 1.032335 | elapsed 27.7s
2026-09-22 19:52:22,112 Seed 2 | epoch 62/100 | train 1.026227 | val 1.044493 | elapsed 28.1s
2026-09-22 19:52:22,569 Seed 2 | epoch 63/100 | train 1.030553 | val 1.017784 | elapsed 28.6s
2026-09-22 19:52:23,026 Seed 2 | epoch 64/100 | train 1.030345 | val 1.038785 | elapsed 29.0s
2026-09-22 19:52:23,477 Seed 2 | epoch 65/100 | train 1.028684 | val 1.031042 | elapsed 29.5s
2026-09-22 19:52:23,935 Seed 2 | epoch 66/100 | train 1.031556 | val 1.015796 | elapsed 29.9s
2026-09-22 19:52:24,386 Seed 2 | epoch 67/100 | train 1.030191 | val 1.022918 | elapsed 30.4s
2026-09-22 19:52:24,837 Seed 2 | epoch 68/100 | train 1.034429 | val 1.036039 | elapsed 30.8s
2026-09-22 19:52:25,294 Seed 2 | epoch 69/100 | train 1.031832 | val 1.026234 | elapsed 31.3s
2026-09-22 19:52:25,746 Seed 2 | epoch 70/100 | train 1.029075 | val 1.026386 | elapsed 31.8s
2026-09-22 19:52:26,205 Seed 2 | epoch 71/100 | train 1.028521 | val 1.035061 | elapsed 32.2s
2026-09-22 19:52:26,662 Seed 2 | epoch 72/100 | train 1.033644 | val 1.036009 | elapsed 32.7s
2026-09-22 19:52:27,113 Seed 2 | epoch 73/100 | train 1.028672 | val 1.027317 | elapsed 33.1s
2026-09-22 19:52:27,567 Seed 2 | epoch 74/100 | train 1.033273 | val 1.012575 | elapsed 33.6s
2026-09-22 19:52:28,021 Seed 2 | epoch 75/100 | train 1.027989 | val 1.028480 | elapsed 34.0s
2026-09-22 19:52:28,474 Seed 2 | epoch 76/100 | train 1.031648 | val 1.026179 | elapsed 34.5s
2026-09-22 19:52:28,925 Seed 2 | epoch 77/100 | train 1.033843 | val 1.044097 | elapsed 34.9s
2026-09-22 19:52:29,381 Seed 2 | epoch 78/100 | train 1.030534 | val 1.022349 | elapsed 35.4s
2026-09-22 19:52:29,841 Seed 2 | epoch 79/100 | train 1.028373 | val 1.038482 | elapsed 35.9s
2026-09-22 19:52:30,302 Seed 2 | epoch 80/100 | train 1.034639 | val 1.028252 | elapsed 36.3s
2026-09-22 19:52:30,758 Seed 2 | epoch 81/100 | train 1.032379 | val 1.044572 | elapsed 36.8s
2026-09-22 19:52:31,211 Seed 2 | epoch 82/100 | train 1.034139 | val 1.044881 | elapsed 37.2s
2026-09-22 19:52:31,661 Seed 2 | epoch 83/100 | train 1.031249 | val 1.038622 | elapsed 37.7s
2026-09-22 19:52:32,114 Seed 2 | epoch 84/100 | train 1.027231 | val 1.033485 | elapsed 38.1s
2026-09-22 19:52:32,567 Seed 2 | epoch 85/100 | train 1.030580 | val 1.027667 | elapsed 38.6s
2026-09-22 19:52:33,018 Seed 2 | epoch 86/100 | train 1.030540 | val 1.027745 | elapsed 39.0s
2026-09-22 19:52:33,474 Seed 2 | epoch 87/100 | train 1.032947 | val 1.033024 | elapsed 39.5s
2026-09-22 19:52:33,941 Seed 2 | epoch 88/100 | train 1.031850 | val 1.036498 | elapsed 40.0s
2026-09-22 19:52:34,411 Seed 2 | epoch 89/100 | train 1.028392 | val 1.030129 | elapsed 40.4s
2026-09-22 19:52:34,877 Seed 2 | epoch 90/100 | train 1.027935 | val 1.038264 | elapsed 40.9s
2026-09-22 19:52:35,338 Seed 2 | epoch 91/100 | train 1.030871 | val 1.033558 | elapsed 41.3s
2026-09-22 19:52:35,789 Seed 2 | epoch 92/100 | train 1.032468 | val 1.028213 | elapsed 41.8s
2026-09-22 19:52:36,247 Seed 2 | epoch 93/100 | train 1.028263 | val 1.029388 | elapsed 42.3s
2026-09-22 19:52:36,712 Seed 2 | epoch 94/100 | train 1.030124 | val 1.036491 | elapsed 42.7s
2026-09-22 19:52:37,180 Seed 2 | epoch 95/100 | train 1.034485 | val 1.035214 | elapsed 43.2s
2026-09-22 19:52:37,660 Seed 2 | epoch 96/100 | train 1.029680 | val 1.023686 | elapsed 43.7s
2026-09-22 19:52:38,129 Seed 2 | epoch 97/100 | train 1.030018 | val 1.035683 | elapsed 44.1s
2026-09-22 19:52:38,598 Seed 2 | epoch 98/100 | train 1.029736 | val 1.044890 | elapsed 44.6s
2026-09-22 19:52:39,057 Seed 2 | epoch 99/100 | train 1.032975 | val 1.038772 | elapsed 45.1s
2026-09-22 19:52:39,508 Seed 2 | epoch 100/100 | train 1.029849 | val 1.039689 | elapsed 45.5s
2026-09-22 19:52:39,569 Seed 2 complete; best epoch 74
